// Jest Snapshot v1, https://goo.gl/fbAQLP

exports[`<App /> matches snapshot 1`] = `
<div
  className="App"
  data-testid="component-app"
>
  <h1
    className="display"
    data-testid="counter-display"
  >
    The counter is currently â†•
    <span
      className="num"
    >
      0
    </span>
  </h1>
  <button
    data-testid="increment-button"
    onClick={[Function]}
  >
    Increment counter +
  </button>
</div>
`;
